mode: set
github.com/mlkmhd/hekura/pkg/build.go:16.35,19.16 2 0
github.com/mlkmhd/hekura/pkg/build.go:19.16,21.3 1 0
github.com/mlkmhd/hekura/pkg/build.go:22.2,23.16 2 0
github.com/mlkmhd/hekura/pkg/build.go:23.16,25.3 1 0
github.com/mlkmhd/hekura/pkg/build.go:27.2,27.42 1 0
github.com/mlkmhd/hekura/pkg/build.go:27.42,28.43 1 0
github.com/mlkmhd/hekura/pkg/build.go:28.43,30.4 1 0
github.com/mlkmhd/hekura/pkg/build.go:32.3,36.20 3 0
github.com/mlkmhd/hekura/pkg/build.go:36.20,39.4 2 0
github.com/mlkmhd/hekura/pkg/build.go:40.3,40.80 1 0
github.com/mlkmhd/hekura/pkg/build.go:40.80,42.4 1 0
github.com/mlkmhd/hekura/pkg/build.go:43.3,43.43 1 0
github.com/mlkmhd/hekura/pkg/build.go:43.43,45.4 1 0
github.com/mlkmhd/hekura/pkg/build.go:48.2,48.43 1 0
github.com/mlkmhd/hekura/pkg/build.go:48.43,49.61 1 0
github.com/mlkmhd/hekura/pkg/build.go:49.61,51.4 1 0
github.com/mlkmhd/hekura/pkg/build.go:51.9,52.44 1 0
github.com/mlkmhd/hekura/pkg/build.go:52.44,54.5 1 0
github.com/mlkmhd/hekura/pkg/build.go:55.4,56.22 2 0
github.com/mlkmhd/hekura/pkg/build.go:56.22,58.5 1 0
github.com/mlkmhd/hekura/pkg/build.go:59.4,59.73 1 0
github.com/mlkmhd/hekura/pkg/build.go:59.73,61.5 1 0
github.com/mlkmhd/hekura/pkg/build.go:62.4,64.21 3 0
github.com/mlkmhd/hekura/pkg/build.go:64.21,67.5 2 0
github.com/mlkmhd/hekura/pkg/build.go:69.4,69.81 1 0
github.com/mlkmhd/hekura/pkg/build.go:69.81,71.5 1 0
github.com/mlkmhd/hekura/pkg/build.go:72.4,72.54 1 0
github.com/mlkmhd/hekura/pkg/build.go:72.54,74.5 1 0
github.com/mlkmhd/hekura/pkg/build.go:75.4,75.44 1 0
github.com/mlkmhd/hekura/pkg/build.go:75.44,77.5 1 0
github.com/mlkmhd/hekura/pkg/build.go:81.2,82.25 2 0
github.com/mlkmhd/hekura/pkg/build.go:82.25,84.3 1 0
github.com/mlkmhd/hekura/pkg/build.go:85.2,85.45 1 0
github.com/mlkmhd/hekura/pkg/build.go:85.45,87.24 2 0
github.com/mlkmhd/hekura/pkg/build.go:87.24,89.4 1 0
github.com/mlkmhd/hekura/pkg/build.go:90.3,90.36 1 0
github.com/mlkmhd/hekura/pkg/build.go:90.36,91.22 1 0
github.com/mlkmhd/hekura/pkg/build.go:91.22,93.31 2 0
github.com/mlkmhd/hekura/pkg/build.go:93.31,95.6 1 0
github.com/mlkmhd/hekura/pkg/build.go:96.5,97.72 2 0
github.com/mlkmhd/hekura/pkg/build.go:102.2,104.71 2 0
github.com/mlkmhd/hekura/pkg/build.go:104.71,106.3 1 0
github.com/mlkmhd/hekura/pkg/build.go:107.2,107.36 1 0
github.com/mlkmhd/hekura/pkg/config.go:21.62,23.16 2 1
github.com/mlkmhd/hekura/pkg/config.go:23.16,25.3 1 1
github.com/mlkmhd/hekura/pkg/config.go:27.2,28.16 2 1
github.com/mlkmhd/hekura/pkg/config.go:28.16,30.3 1 1
github.com/mlkmhd/hekura/pkg/config.go:31.2,31.12 1 1
github.com/mlkmhd/hekura/pkg/diff.go:10.44,12.2 1 0
github.com/mlkmhd/hekura/pkg/logger.go:14.13,30.2 3 1
github.com/mlkmhd/hekura/pkg/logger.go:37.35,39.23 2 1
github.com/mlkmhd/hekura/pkg/logger.go:40.15,41.37 1 1
github.com/mlkmhd/hekura/pkg/logger.go:42.14,43.36 1 1
github.com/mlkmhd/hekura/pkg/logger.go:44.14,45.36 1 1
github.com/mlkmhd/hekura/pkg/logger.go:46.15,47.37 1 1
github.com/mlkmhd/hekura/pkg/logger.go:48.15,49.37 1 1
github.com/mlkmhd/hekura/pkg/logger.go:50.15,51.37 1 1
github.com/mlkmhd/hekura/pkg/logger.go:52.10,54.36 2 1
github.com/mlkmhd/hekura/pkg/util.go:10.57,12.16 2 1
github.com/mlkmhd/hekura/pkg/util.go:12.16,14.3 1 1
github.com/mlkmhd/hekura/pkg/util.go:15.2,18.16 3 1
github.com/mlkmhd/hekura/pkg/util.go:18.16,20.3 1 0
github.com/mlkmhd/hekura/pkg/util.go:21.2,21.12 1 1
